// Jest Snapshot v1, https://goo.gl/fbAQLP

exports[`Should render the empty expenses 1`] = `
<div>
  <p>
     No expense.
  </p>
</div>
`;

exports[`Should render thr right expenses 1`] = `
<div>
  <ExpenseListItem
    amount={195}
    createdAt={0}
    description="Gum"
    id="1"
    key="1"
    note=""
  />
  <ExpenseListItem
    amount={109500}
    createdAt={-345600000}
    description="Rent"
    id="2"
    key="2"
    note=""
  />
  <ExpenseListItem
    amount={4500}
    createdAt={345600000}
    description="Credit cards"
    id="3"
    key="3"
    note=""
  />
</div>
`;
