// Jest Snapshot v1, https://goo.gl/fbAQLP

exports[` This will render the not found page 1`] = `
<div>
  404! 
  <Link
    to="/"
  >
     Go Home 
  </Link>
</div>
`;
